
  .   ____          _            __ _ _
 /\\ / ___'_ __ _ _(_)_ __  __ _ \ \ \ \
( ( )\___ | '_ | '_| | '_ \/ _` | \ \ \ \
 \\/  ___)| |_)| | | | | || (_| |  ) ) ) )
  '  |____| .__|_| |_|_| |_\__, | / / / /
 =========|_|==============|___/=/_/_/_/
 :: Spring Boot ::                (v3.2.3)

2026-10-02T08:21:15.014+05:30  INFO 2848 --- [SparePartSystem] [           main] c.inventory.SparePartSystemApplication   : Starting SparePartSystemApplication v0.0.1-SNAPSHOT using Java 25.0.1 with PID 2848 (C:\Users\User\Desktop\SparePartSystem\target\SparePartSystem-0.0.1-SNAPSHOT.jar started by User in C:\Users\User\Desktop\SparePartSystem)
2026-10-02T08:21:15.017+05:30  INFO 2848 --- [SparePartSystem] [           main] c.inventory.SparePartSystemApplication   : No active profile set, falling back to 1 default profile: "default"
WARNING: A restricted method in java.lang.System has been called
WARNING: java.lang.System::load has been called by org.apache.tomcat.jni.Library in an unnamed module (jar:nested:/C:/Users/User/Desktop/SparePartSystem/target/SparePartSystem-0.0.1-SNAPSHOT.jar/!BOOT-INF/lib/tomcat-embed-core-10.1.19.jar!/)
WARNING: Use --enable-native-access=ALL-UNNAMED to avoid a warning for callers in this module
WARNING: Restricted methods will be blocked in a future release unless native access is enabled

2026-10-02T08:21:16.864+05:30  INFO 2848 --- [SparePartSystem] [           main] o.s.b.w.embedded.tomcat.TomcatWebServer  : Tomcat initialized with port 8080 (http)
2026-10-02T08:21:16.891+05:30  INFO 2848 --- [SparePartSystem] [           main] o.apache.catalina.core.StandardService   : Starting service [Tomcat]
2026-10-02T08:21:16.891+05:30  INFO 2848 --- [SparePartSystem] [           main] o.apache.catalina.core.StandardEngine    : Starting Servlet engine: [Apache Tomcat/10.1.19]
2026-10-02T08:21:17.796+05:30  INFO 2848 --- [SparePartSystem] [           main] org.apache.jasper.servlet.TldScanner     : At least one JAR was scanned for TLDs yet contained no TLDs. Enable debug logging for this logger for a complete list of JARs that were scanned but no TLDs were found in them. Skipping unneeded JARs during scanning can improve startup time and JSP compilation time.
2026-10-02T08:21:18.047+05:30  INFO 2848 --- [SparePartSystem] [           main] o.a.c.c.C.[Tomcat].[localhost].[/]       : Initializing Spring embedded WebApplicationContext
2026-10-02T08:21:18.048+05:30  INFO 2848 --- [SparePartSystem] [           main] w.s.c.ServletWebServerApplicationContext : Root WebApplicationContext: initialization completed in 2918 ms
2026-10-02T08:21:18.536+05:30  INFO 2848 --- [SparePartSystem] [           main] com.zaxxer.hikari.HikariDataSource       : HikariPool-1 - Starting...
2026-10-02T08:21:19.756+05:30  INFO 2848 --- [SparePartSystem] [           main] com.zaxxer.hikari.pool.HikariPool        : HikariPool-1 - Added connection ConnectionID:1 ClientConnectionId: b5e4de4b-eebf-4d06-98d8-327092cab3be
2026-10-02T08:21:19.759+05:30  INFO 2848 --- [SparePartSystem] [           main] com.zaxxer.hikari.HikariDataSource       : HikariPool-1 - Start completed.
2026-10-02T08:21:20.576+05:30  INFO 2848 --- [SparePartSystem] [           main] o.s.b.w.embedded.tomcat.TomcatWebServer  : Tomcat started on port 8080 (http) with context path ''
2026-10-02T08:21:20.601+05:30  INFO 2848 --- [SparePartSystem] [           main] c.inventory.SparePartSystemApplication   : Started SparePartSystemApplication in 6.391 seconds (process running for 7.152)
2026-10-02T08:21:43.402+05:30  INFO 2848 --- [SparePartSystem] [nio-8080-exec-1] o.a.c.c.C.[Tomcat].[localhost].[/]       : Initializing Spring DispatcherServlet 'dispatcherServlet'
2026-10-02T08:21:43.403+05:30  INFO 2848 --- [SparePartSystem] [nio-8080-exec-1] o.s.web.servlet.DispatcherServlet        : Initializing Servlet 'dispatcherServlet'
2026-10-02T08:21:43.406+05:30  INFO 2848 --- [SparePartSystem] [nio-8080-exec-1] o.s.web.servlet.DispatcherServlet        : Completed initialization in 3 ms
2026-10-02T10:41:18.622+05:30  WARN 2848 --- [SparePartSystem] [l-1 housekeeper] com.zaxxer.hikari.pool.HikariPool        : HikariPool-1 - Thread starvation or clock leap detected (housekeeper delta=2h16m32s342ms321µs800ns).
